------------------------------------------------------------
TimeQuest Timing Analyzer Summary
------------------------------------------------------------

Type  : Slow 1200mV 85C Model Setup 'u_pll_clk|altpll_component|auto_generated|pll1|clk[0]'
Slack : 2.152
TNS   : 0.000

Type  : Slow 1200mV 85C Model Setup 'cam_pclk'
Slack : 3.819
TNS   : 0.000

Type  : Slow 1200mV 85C Model Setup 'u_pll_clk|altpll_component|auto_generated|pll1|clk[2]'
Slack : 5.618
TNS   : 0.000

Type  : Slow 1200mV 85C Model Hold 'cam_pclk'
Slack : 0.274
TNS   : 0.000

Type  : Slow 1200mV 85C Model Hold 'u_pll_clk|altpll_component|auto_generated|pll1|clk[0]'
Slack : 0.453
TNS   : 0.000

Type  : Slow 1200mV 85C Model Hold 'u_pll_clk|altpll_component|auto_generated|pll1|clk[2]'
Slack : 0.453
TNS   : 0.000

Type  : Slow 1200mV 85C Model Recovery 'cam_pclk'
Slack : 6.406
TNS   : 0.000

Type  : Slow 1200mV 85C Model Removal 'cam_pclk'
Slack : 1.364
TNS   : 0.000

Type  : Slow 1200mV 85C Model Minimum Pulse Width 'u_pll_clk|altpll_component|auto_generated|pll1|clk[0]'
Slack : 4.718
TNS   : 0.000

Type  : Slow 1200mV 85C Model Minimum Pulse Width 'sys_clk'
Slack : 9.858
TNS   : 0.000

Type  : Slow 1200mV 85C Model Minimum Pulse Width 'u_pll_clk|altpll_component|auto_generated|pll1|clk[2]'
Slack : 19.718
TNS   : 0.000

Type  : Slow 1200mV 85C Model Minimum Pulse Width 'cam_pclk'
Slack : 19.724
TNS   : 0.000

Type  : Slow 1200mV 0C Model Setup 'u_pll_clk|altpll_component|auto_generated|pll1|clk[0]'
Slack : 2.598
TNS   : 0.000

Type  : Slow 1200mV 0C Model Setup 'cam_pclk'
Slack : 3.970
TNS   : 0.000

Type  : Slow 1200mV 0C Model Setup 'u_pll_clk|altpll_component|auto_generated|pll1|clk[2]'
Slack : 5.837
TNS   : 0.000

Type  : Slow 1200mV 0C Model Hold 'cam_pclk'
Slack : 0.253
TNS   : 0.000

Type  : Slow 1200mV 0C Model Hold 'u_pll_clk|altpll_component|auto_generated|pll1|clk[0]'
Slack : 0.401
TNS   : 0.000

Type  : Slow 1200mV 0C Model Hold 'u_pll_clk|altpll_component|auto_generated|pll1|clk[2]'
Slack : 0.402
TNS   : 0.000

Type  : Slow 1200mV 0C Model Recovery 'cam_pclk'
Slack : 6.587
TNS   : 0.000

Type  : Slow 1200mV 0C Model Removal 'cam_pclk'
Slack : 1.295
TNS   : 0.000

Type  : Slow 1200mV 0C Model Minimum Pulse Width 'u_pll_clk|altpll_component|auto_generated|pll1|clk[0]'
Slack : 4.717
TNS   : 0.000

Type  : Slow 1200mV 0C Model Minimum Pulse Width 'sys_clk'
Slack : 9.855
TNS   : 0.000

Type  : Slow 1200mV 0C Model Minimum Pulse Width 'cam_pclk'
Slack : 19.631
TNS   : 0.000

Type  : Slow 1200mV 0C Model Minimum Pulse Width 'u_pll_clk|altpll_component|auto_generated|pll1|clk[2]'
Slack : 19.716
TNS   : 0.000

Type  : Fast 1200mV 0C Model Setup 'u_pll_clk|altpll_component|auto_generated|pll1|clk[0]'
Slack : 6.673
TNS   : 0.000

Type  : Fast 1200mV 0C Model Setup 'cam_pclk'
Slack : 7.245
TNS   : 0.000

Type  : Fast 1200mV 0C Model Setup 'u_pll_clk|altpll_component|auto_generated|pll1|clk[2]'
Slack : 8.109
TNS   : 0.000

Type  : Fast 1200mV 0C Model Hold 'cam_pclk'
Slack : 0.037
TNS   : 0.000

Type  : Fast 1200mV 0C Model Hold 'u_pll_clk|altpll_component|auto_generated|pll1|clk[2]'
Slack : 0.186
TNS   : 0.000

Type  : Fast 1200mV 0C Model Hold 'u_pll_clk|altpll_component|auto_generated|pll1|clk[0]'
Slack : 0.187
TNS   : 0.000

Type  : Fast 1200mV 0C Model Recovery 'cam_pclk'
Slack : 8.356
TNS   : 0.000

Type  : Fast 1200mV 0C Model Removal 'cam_pclk'
Slack : 0.507
TNS   : 0.000

Type  : Fast 1200mV 0C Model Minimum Pulse Width 'u_pll_clk|altpll_component|auto_generated|pll1|clk[0]'
Slack : 4.734
TNS   : 0.000

Type  : Fast 1200mV 0C Model Minimum Pulse Width 'sys_clk'
Slack : 9.423
TNS   : 0.000

Type  : Fast 1200mV 0C Model Minimum Pulse Width 'cam_pclk'
Slack : 19.166
TNS   : 0.000

Type  : Fast 1200mV 0C Model Minimum Pulse Width 'u_pll_clk|altpll_component|auto_generated|pll1|clk[2]'
Slack : 19.736
TNS   : 0.000

------------------------------------------------------------
