------------------------------------------------------------
TimeQuest Timing Analyzer Summary
------------------------------------------------------------

Type  : Slow 1200mV 85C Model Setup 'u_PLL|altpll_component|auto_generated|pll1|clk[0]'
Slack : 1.132
TNS   : 0.000

Type  : Slow 1200mV 85C Model Hold 'u_PLL|altpll_component|auto_generated|pll1|clk[0]'
Slack : 0.456
TNS   : 0.000

Type  : Slow 1200mV 85C Model Minimum Pulse Width 'u_PLL|altpll_component|auto_generated|pll1|clk[0]'
Slack : 4.721
TNS   : 0.000

Type  : Slow 1200mV 85C Model Minimum Pulse Width 'sys_clk'
Slack : 9.858
TNS   : 0.000

Type  : Slow 1200mV 0C Model Setup 'u_PLL|altpll_component|auto_generated|pll1|clk[0]'
Slack : 1.713
TNS   : 0.000

Type  : Slow 1200mV 0C Model Hold 'u_PLL|altpll_component|auto_generated|pll1|clk[0]'
Slack : 0.433
TNS   : 0.000

Type  : Slow 1200mV 0C Model Minimum Pulse Width 'u_PLL|altpll_component|auto_generated|pll1|clk[0]'
Slack : 4.718
TNS   : 0.000

Type  : Slow 1200mV 0C Model Minimum Pulse Width 'sys_clk'
Slack : 9.855
TNS   : 0.000

Type  : Fast 1200mV 0C Model Setup 'u_PLL|altpll_component|auto_generated|pll1|clk[0]'
Slack : 6.130
TNS   : 0.000

Type  : Fast 1200mV 0C Model Hold 'u_PLL|altpll_component|auto_generated|pll1|clk[0]'
Slack : 0.153
TNS   : 0.000

Type  : Fast 1200mV 0C Model Minimum Pulse Width 'u_PLL|altpll_component|auto_generated|pll1|clk[0]'
Slack : 4.732
TNS   : 0.000

Type  : Fast 1200mV 0C Model Minimum Pulse Width 'sys_clk'
Slack : 9.423
TNS   : 0.000

------------------------------------------------------------
