------------------------------------------------------------
TimeQuest Timing Analyzer Summary
------------------------------------------------------------

Type  : Slow 1000mV 85C Model Setup 'altera_reserved_tck'
Slack : 41.822
TNS   : 0.000

Type  : Slow 1000mV 85C Model Hold 'altera_reserved_tck'
Slack : 0.524
TNS   : 0.000

Type  : Slow 1000mV 85C Model Recovery 'altera_reserved_tck'
Slack : 47.227
TNS   : 0.000

Type  : Slow 1000mV 85C Model Removal 'altera_reserved_tck'
Slack : 1.263
TNS   : 0.000

Type  : Slow 1000mV 85C Model Minimum Pulse Width 'altera_reserved_tck'
Slack : 49.656
TNS   : 0.000

Type  : Slow 1000mV 0C Model Setup 'altera_reserved_tck'
Slack : 42.175
TNS   : 0.000

Type  : Slow 1000mV 0C Model Hold 'altera_reserved_tck'
Slack : 0.505
TNS   : 0.000

Type  : Slow 1000mV 0C Model Recovery 'altera_reserved_tck'
Slack : 47.318
TNS   : 0.000

Type  : Slow 1000mV 0C Model Removal 'altera_reserved_tck'
Slack : 1.245
TNS   : 0.000

Type  : Slow 1000mV 0C Model Minimum Pulse Width 'altera_reserved_tck'
Slack : 49.623
TNS   : 0.000

Type  : Fast 1000mV 0C Model Setup 'altera_reserved_tck'
Slack : 45.495
TNS   : 0.000

Type  : Fast 1000mV 0C Model Hold 'altera_reserved_tck'
Slack : 0.278
TNS   : 0.000

Type  : Fast 1000mV 0C Model Recovery 'altera_reserved_tck'
Slack : 48.632
TNS   : 0.000

Type  : Fast 1000mV 0C Model Removal 'altera_reserved_tck'
Slack : 0.712
TNS   : 0.000

Type  : Fast 1000mV 0C Model Minimum Pulse Width 'altera_reserved_tck'
Slack : 49.420
TNS   : 0.000

------------------------------------------------------------
